// Jest Snapshot v1, https://goo.gl/fbAQLP

exports[`matches FirebaseUI config 1`] = `
{
  "callbacks": {
    "signInSuccessWithAuthResult": [Function],
  },
  "signInFlow": "popup",
  "signInOptions": [
    "google.com",
    "github.com",
    "twitter.com",
    "password",
  ],
}
`;
