// Jest Snapshot v1, https://goo.gl/fbAQLP

exports[`renders correctly 1`] = `
<div>
  <header
    class="MuiPaper-root MuiAppBar-root MuiAppBar-positionStatic MuiAppBar-colorPrimary MuiPaper-elevation4"
  >
    <div
      class="MuiContainer-root MuiContainer-maxWidthLg"
    >
      <div
        class="MuiToolbar-root MuiToolbar-regular"
      >
        <div
          class="MuiBox-root MuiBox-root-1"
        >
          <a
            aria-current="page"
            class="MuiTypography-root MuiLink-root MuiLink-underlineHover MuiTypography-h6 MuiTypography-colorInherit"
            href="/"
          >
            Lilboards
          </a>
        </div>
        <a
          aria-disabled="false"
          aria-label="Open GitHub repository"
          class="MuiTypography-root MuiLink-root MuiLink-underlineHover MuiButtonBase-root MuiIconButton-root MuiIconButton-colorInherit MuiTypography-colorPrimary"
          href="https://github.com/lilboards/lilboards"
          rel="noopener noreferrer"
          role="button"
          tabindex="0"
          target="_blank"
        >
          <span
            class="MuiIconButton-label"
          >
            <svg
              aria-hidden="true"
              class="MuiSvgIcon-root"
              focusable="false"
              viewBox="0 0 24 24"
            >
              <path
                d="M12 .3a12 12 0 0 0-3.8 23.4c.6.1.8-.3.8-.6v-2c-3.3.7-4-1.6-4-1.6-.6-1.4-1.4-1.8-1.4-1.8-1-.7.1-.7.1-.7 1.2 0 1.9 1.2 1.9 1.2 1 1.8 2.8 1.3 3.5 1 0-.8.4-1.3.7-1.6-2.7-.3-5.5-1.3-5.5-6 0-1.2.5-2.3 1.3-3.1-.2-.4-.6-1.6 0-3.2 0 0 1-.3 3.4 1.2a11.5 11.5 0 0 1 6 0c2.3-1.5 3.3-1.2 3.3-1.2.6 1.6.2 2.8 0 3.2.9.8 1.3 1.9 1.3 3.2 0 4.6-2.8 5.6-5.5 5.9.5.4.9 1 .9 2.2v3.3c0 .3.1.7.8.6A12 12 0 0 0 12 .3"
              />
            </svg>
          </span>
          <span
            class="MuiTouchRipple-root"
          />
        </a>
        <div
          class="MuiBox-root MuiBox-root-2"
        >
          <a
            aria-disabled="false"
            class="MuiButtonBase-root MuiButton-root MuiButton-outlined MuiButton-colorInherit"
            href="/login"
            role="button"
            tabindex="0"
          >
            <span
              class="MuiButton-label"
            >
              Login
            </span>
            <span
              class="MuiTouchRipple-root"
            />
          </a>
        </div>
      </div>
    </div>
  </header>
</div>
`;
